
Error occured the 2020-10-05 19:21:09.737815 :
User stoped the script using ctrl+c

Error occured the 2020-10-06 07:44:28.830138 :
User stoped the script using ctrl+c

Error occured the 2020-10-06 07:51:54.704223 :
Error occured the 2020-10-06 07:51:54.704223 :
Error occured the 2020-10-06 07:51:54.704223 :
Error occured the 2020-10-06 07:51:54.703230 :
Error occured the 2020-10-06 07:51:54.703230 :
Error occured the 2020-10-06 07:51:54.705217 :
Error occured the 2020-10-06 07:53:00.879580 :